// Jest Snapshot v1, https://goo.gl/fbAQLP

exports[`Button should render a button 1`] = `
Object {
  "attributes": Object {
    "role": "button",
  },
  "children": Array [
    Object {
      "children": Array [
        "normal",
      ],
      "style": Object {
        "alignContent": "flex-start",
        "border": "0 solid black",
        "boxSizing": "border-box",
        "display": "block",
        "flexDirection": "column",
        "flexShrink": 0,
        "fontSize": 32,
        "position": "relative",
        "whiteSpace": "pre-wrap",
      },
      "tagName": "SPAN",
    },
  ],
  "eventListeners": Object {
    "click": [Function],
  },
  "style": Object {
    "alignContent": "flex-start",
    "border": "0 solid black",
    "boxSizing": "border-box",
    "cursor": "pointer",
    "display": "flex",
    "flexDirection": "column",
    "flexShrink": 0,
    "position": "relative",
  },
  "tagName": "DIV",
}
`;
